// Jest Snapshot v1, https://goo.gl/fbAQLP

exports[`App renders 1`] = `"<div class=\\"sc-gsDKAQ hcJErS\\"><div class=\\"sc-ksdxgE jAELwq\\"><div class=\\"sc-hBUSln eZVHDj\\"><a href=\\"arbitrary.com\\" class=\\"sc-egiyK gAFTBw\\"><svg height=\\"16\\" viewBox=\\"0 0 10 16\\" width=\\"10\\" xmlns=\\"http://www.w3.org/2000/svg\\"><path d=\\"m401.034779 24.5989021v10h10\\" fill=\\"none\\" stroke=\\"#fff\\" stroke-width=\\"2\\" transform=\\"matrix(.70710678 .70710678 -.70710678 .70710678 -257.145582 -299.440628)\\"></path></svg></a><div class=\\"sc-fotOHu bQqSAl\\"><h1 class=\\"sc-furwcr dnfnN\\">Your Appointments</h1></div></div></div><div class=\\"sc-bdvvtL biLwMd\\"><div class=\\"sc-hKwDye cQHjzB\\"><div class=\\"sc-fFeiMQ jjjCFF\\"></div></div></div></div>"`;
