// Jest Snapshot v1, https://goo.gl/fbAQLP

exports[`init renders 1`] = `"<div id=\\"embed-root\\"></div>"`;
