// Jest Snapshot v1, https://goo.gl/fbAQLP

exports[`Loader renders 1`] = `"<div class=\\"sc-bdvvtL biLwMd\\"><div class=\\"sc-hKwDye cQHjzB\\"><div class=\\"sc-fFeiMQ dnOxjh\\"></div></div></div>"`;
